Analysis & Synthesis report for Processador
Tue Jul 31 11:41:44 2018
Quartus Prime Version 17.1.0 Build 590 10/25/2017 SJ Lite Edition


---------------------
; Table of Contents ;
---------------------
  1. Legal Notice
  2. Analysis & Synthesis Summary
  3. Analysis & Synthesis Settings
  4. Parallel Compilation
  5. Analysis & Synthesis Source Files Read
  6. Analysis & Synthesis Resource Usage Summary
  7. Analysis & Synthesis Resource Utilization by Entity
  8. State Machine - |Proc|Tstep_Q
  9. User-Specified and Inferred Latches
 10. Registers Removed During Synthesis
 11. General Register Statistics
 12. Multiplexer Restructuring Statistics (Restructuring Performed)
 13. Parameter Settings for User Entity Instance: Top-level Entity: |Proc
 14. Port Connectivity Checks: "Multiplexer:multiplexer"
 15. Port Connectivity Checks: "Reg:reg_7"
 16. Port Connectivity Checks: "Reg:reg_6"
 17. Port Connectivity Checks: "Reg:reg_5"
 18. Port Connectivity Checks: "Reg:reg_4"
 19. Port Connectivity Checks: "Reg:reg_3"
 20. Port Connectivity Checks: "Reg:reg_2"
 21. Port Connectivity Checks: "Reg:reg_1"
 22. Port Connectivity Checks: "Reg:reg_0"
 23. Port Connectivity Checks: "Reg:IR"
 24. Post-Synthesis Netlist Statistics for Top Partition
 25. Elapsed Time Per Partition
 26. Analysis & Synthesis Messages



----------------
; Legal Notice ;
----------------
Copyright (C) 2017  Intel Corporation. All rights reserved.
Your use of Intel Corporation's design tools, logic functions 
and other software and tools, and its AMPP partner logic 
functions, and any output files from any of the foregoing 
(including device programming or simulation files), and any 
associated documentation or information are expressly subject 
to the terms and conditions of the Intel Program License 
Subscription Agreement, the Intel Quartus Prime License Agreement,
the Intel FPGA IP License Agreement, or other applicable license
agreement, including, without limitation, that your use is for
the sole purpose of programming logic devices manufactured by
Intel and sold by Intel or its authorized distributors.  Please
refer to the applicable agreement for further details.



+-------------------------------------------------------------------------------+
; Analysis & Synthesis Summary                                                  ;
+---------------------------------+---------------------------------------------+
; Analysis & Synthesis Status     ; Successful - Tue Jul 31 11:41:44 2018       ;
; Quartus Prime Version           ; 17.1.0 Build 590 10/25/2017 SJ Lite Edition ;
; Revision Name                   ; Processador                                 ;
; Top-level Entity Name           ; Proc                                        ;
; Family                          ; Cyclone V                                   ;
; Logic utilization (in ALMs)     ; N/A                                         ;
; Total registers                 ; 97                                          ;
; Total pins                      ; 22                                          ;
; Total virtual pins              ; 0                                           ;
; Total block memory bits         ; 0                                           ;
; Total DSP Blocks                ; 0                                           ;
; Total HSSI RX PCSs              ; 0                                           ;
; Total HSSI PMA RX Deserializers ; 0                                           ;
; Total HSSI TX PCSs              ; 0                                           ;
; Total HSSI PMA TX Serializers   ; 0                                           ;
; Total PLLs                      ; 0                                           ;
; Total DLLs                      ; 0                                           ;
+---------------------------------+---------------------------------------------+


+---------------------------------------------------------------------------------------------------------------------------+
; Analysis & Synthesis Settings                                                                                             ;
+---------------------------------------------------------------------------------+--------------------+--------------------+
; Option                                                                          ; Setting            ; Default Value      ;
+---------------------------------------------------------------------------------+--------------------+--------------------+
; Device                                                                          ; 5CSEMA5F31C6       ;                    ;
; Top-level entity name                                                           ; Proc               ; Processador        ;
; Family name                                                                     ; Cyclone V          ; Cyclone V          ;
; Use smart compilation                                                           ; Off                ; Off                ;
; Enable parallel Assembler and TimeQuest Timing Analyzer during compilation      ; On                 ; On                 ;
; Enable compact report table                                                     ; Off                ; Off                ;
; Restructure Multiplexers                                                        ; Auto               ; Auto               ;
; MLAB Add Timing Constraints For Mixed-Port Feed-Through Mode Setting Don't Care ; Off                ; Off                ;
; Create Debugging Nodes for IP Cores                                             ; Off                ; Off                ;
; Preserve fewer node names                                                       ; On                 ; On                 ;
; Intel FPGA IP Evaluation Mode                                                   ; Enable             ; Enable             ;
; Verilog Version                                                                 ; Verilog_2001       ; Verilog_2001       ;
; VHDL Version                                                                    ; VHDL_1993          ; VHDL_1993          ;
; State Machine Processing                                                        ; Auto               ; Auto               ;
; Safe State Machine                                                              ; Off                ; Off                ;
; Extract Verilog State Machines                                                  ; On                 ; On                 ;
; Extract VHDL State Machines                                                     ; On                 ; On                 ;
; Ignore Verilog initial constructs                                               ; Off                ; Off                ;
; Iteration limit for constant Verilog loops                                      ; 5000               ; 5000               ;
; Iteration limit for non-constant Verilog loops                                  ; 250                ; 250                ;
; Add Pass-Through Logic to Inferred RAMs                                         ; On                 ; On                 ;
; Infer RAMs from Raw Logic                                                       ; On                 ; On                 ;
; Parallel Synthesis                                                              ; On                 ; On                 ;
; DSP Block Balancing                                                             ; Auto               ; Auto               ;
; NOT Gate Push-Back                                                              ; On                 ; On                 ;
; Power-Up Don't Care                                                             ; On                 ; On                 ;
; Remove Redundant Logic Cells                                                    ; Off                ; Off                ;
; Remove Duplicate Registers                                                      ; On                 ; On                 ;
; Ignore CARRY Buffers                                                            ; Off                ; Off                ;
; Ignore CASCADE Buffers                                                          ; Off                ; Off                ;
; Ignore GLOBAL Buffers                                                           ; Off                ; Off                ;
; Ignore ROW GLOBAL Buffers                                                       ; Off                ; Off                ;
; Ignore LCELL Buffers                                                            ; Off                ; Off                ;
; Ignore SOFT Buffers                                                             ; On                 ; On                 ;
; Limit AHDL Integers to 32 Bits                                                  ; Off                ; Off                ;
; Optimization Technique                                                          ; Balanced           ; Balanced           ;
; Carry Chain Length                                                              ; 70                 ; 70                 ;
; Auto Carry Chains                                                               ; On                 ; On                 ;
; Auto Open-Drain Pins                                                            ; On                 ; On                 ;
; Perform WYSIWYG Primitive Resynthesis                                           ; Off                ; Off                ;
; Auto ROM Replacement                                                            ; On                 ; On                 ;
; Auto RAM Replacement                                                            ; On                 ; On                 ;
; Auto DSP Block Replacement                                                      ; On                 ; On                 ;
; Auto Shift Register Replacement                                                 ; Auto               ; Auto               ;
; Allow Shift Register Merging across Hierarchies                                 ; Auto               ; Auto               ;
; Auto Clock Enable Replacement                                                   ; On                 ; On                 ;
; Strict RAM Replacement                                                          ; Off                ; Off                ;
; Allow Synchronous Control Signals                                               ; On                 ; On                 ;
; Force Use of Synchronous Clear Signals                                          ; Off                ; Off                ;
; Auto Resource Sharing                                                           ; Off                ; Off                ;
; Allow Any RAM Size For Recognition                                              ; Off                ; Off                ;
; Allow Any ROM Size For Recognition                                              ; Off                ; Off                ;
; Allow Any Shift Register Size For Recognition                                   ; Off                ; Off                ;
; Use LogicLock Constraints during Resource Balancing                             ; On                 ; On                 ;
; Ignore translate_off and synthesis_off directives                               ; Off                ; Off                ;
; Timing-Driven Synthesis                                                         ; On                 ; On                 ;
; Report Parameter Settings                                                       ; On                 ; On                 ;
; Report Source Assignments                                                       ; On                 ; On                 ;
; Report Connectivity Checks                                                      ; On                 ; On                 ;
; Ignore Maximum Fan-Out Assignments                                              ; Off                ; Off                ;
; Synchronization Register Chain Length                                           ; 3                  ; 3                  ;
; Power Optimization During Synthesis                                             ; Normal compilation ; Normal compilation ;
; HDL message level                                                               ; Level2             ; Level2             ;
; Suppress Register Optimization Related Messages                                 ; Off                ; Off                ;
; Number of Removed Registers Reported in Synthesis Report                        ; 5000               ; 5000               ;
; Number of Swept Nodes Reported in Synthesis Report                              ; 5000               ; 5000               ;
; Number of Inverted Registers Reported in Synthesis Report                       ; 100                ; 100                ;
; Clock MUX Protection                                                            ; On                 ; On                 ;
; Auto Gated Clock Conversion                                                     ; Off                ; Off                ;
; Block Design Naming                                                             ; Auto               ; Auto               ;
; SDC constraint protection                                                       ; Off                ; Off                ;
; Synthesis Effort                                                                ; Auto               ; Auto               ;
; Shift Register Replacement - Allow Asynchronous Clear Signal                    ; On                 ; On                 ;
; Pre-Mapping Resynthesis Optimization                                            ; Off                ; Off                ;
; Analysis & Synthesis Message Level                                              ; Medium             ; Medium             ;
; Disable Register Merging Across Hierarchies                                     ; Auto               ; Auto               ;
; Resource Aware Inference For Block RAM                                          ; On                 ; On                 ;
; Automatic Parallel Synthesis                                                    ; On                 ; On                 ;
; Partial Reconfiguration Bitstream ID                                            ; Off                ; Off                ;
+---------------------------------------------------------------------------------+--------------------+--------------------+


+------------------------------------------+
; Parallel Compilation                     ;
+----------------------------+-------------+
; Processors                 ; Number      ;
+----------------------------+-------------+
; Number detected on machine ; 4           ;
; Maximum allowed            ; 2           ;
;                            ;             ;
; Average used               ; 1.00        ;
; Maximum used               ; 2           ;
;                            ;             ;
; Usage by Processor         ; % Time Used ;
;     Processor 1            ; 100.0%      ;
;     Processor 2            ;   0.0%      ;
+----------------------------+-------------+


+--------------------------------------------------------------------------------------------------------------------------------------+
; Analysis & Synthesis Source Files Read                                                                                               ;
+----------------------------------+-----------------+------------------------+----------------------------------------------+---------+
; File Name with User-Entered Path ; Used in Netlist ; File Type              ; File Name with Absolute Path                 ; Library ;
+----------------------------------+-----------------+------------------------+----------------------------------------------+---------+
; Proc.v                           ; yes             ; User Verilog HDL File  ; /home/alfredo/Desktop/PSD-Processador/Proc.v ;         ;
+----------------------------------+-----------------+------------------------+----------------------------------------------+---------+


+-----------------------------------------------------------+
; Analysis & Synthesis Resource Usage Summary               ;
+---------------------------------------------+-------------+
; Resource                                    ; Usage       ;
+---------------------------------------------+-------------+
; Estimate of Logic utilization (ALMs needed) ; 77          ;
;                                             ;             ;
; Combinational ALUT usage for logic          ; 104         ;
;     -- 7 input functions                    ; 0           ;
;     -- 6 input functions                    ; 35          ;
;     -- 5 input functions                    ; 21          ;
;     -- 4 input functions                    ; 11          ;
;     -- <=3 input functions                  ; 37          ;
;                                             ;             ;
; Dedicated logic registers                   ; 97          ;
;                                             ;             ;
; I/O pins                                    ; 22          ;
;                                             ;             ;
; Total DSP Blocks                            ; 0           ;
;                                             ;             ;
; Maximum fan-out node                        ; Clock~input ;
; Maximum fan-out                             ; 97          ;
; Total fan-out                               ; 804         ;
; Average fan-out                             ; 3.28        ;
+---------------------------------------------+-------------+


+----------------------------------------------------------------------------------------------------------------------------------------------------------------------------------------------------+
; Analysis & Synthesis Resource Utilization by Entity                                                                                                                                                ;
+------------------------------+---------------------+---------------------------+-------------------+------------+------+--------------+-------------------------------+-------------+--------------+
; Compilation Hierarchy Node   ; Combinational ALUTs ; Dedicated Logic Registers ; Block Memory Bits ; DSP Blocks ; Pins ; Virtual Pins ; Full Hierarchy Name           ; Entity Name ; Library Name ;
+------------------------------+---------------------+---------------------------+-------------------+------------+------+--------------+-------------------------------+-------------+--------------+
; |Proc                        ; 104 (31)            ; 97 (6)                    ; 0                 ; 0          ; 22   ; 0            ; |Proc                         ; Proc        ; work         ;
;    |ALU:alu|                 ; 12 (12)             ; 0 (0)                     ; 0                 ; 0          ; 0    ; 0            ; |Proc|ALU:alu                 ; ALU         ; work         ;
;    |Decoder3x8:addressRX|    ; 16 (16)             ; 0 (0)                     ; 0                 ; 0          ; 0    ; 0            ; |Proc|Decoder3x8:addressRX    ; Decoder3x8  ; work         ;
;    |Multiplexer:multiplexer| ; 45 (45)             ; 0 (0)                     ; 0                 ; 0          ; 0    ; 0            ; |Proc|Multiplexer:multiplexer ; Multiplexer ; work         ;
;    |Reg:A|                   ; 0 (0)               ; 9 (9)                     ; 0                 ; 0          ; 0    ; 0            ; |Proc|Reg:A                   ; Reg         ; work         ;
;    |Reg:G|                   ; 0 (0)               ; 9 (9)                     ; 0                 ; 0          ; 0    ; 0            ; |Proc|Reg:G                   ; Reg         ; work         ;
;    |Reg:IR|                  ; 0 (0)               ; 9 (9)                     ; 0                 ; 0          ; 0    ; 0            ; |Proc|Reg:IR                  ; Reg         ; work         ;
;    |Reg:reg_0|               ; 0 (0)               ; 8 (8)                     ; 0                 ; 0          ; 0    ; 0            ; |Proc|Reg:reg_0               ; Reg         ; work         ;
;    |Reg:reg_1|               ; 0 (0)               ; 8 (8)                     ; 0                 ; 0          ; 0    ; 0            ; |Proc|Reg:reg_1               ; Reg         ; work         ;
;    |Reg:reg_2|               ; 0 (0)               ; 8 (8)                     ; 0                 ; 0          ; 0    ; 0            ; |Proc|Reg:reg_2               ; Reg         ; work         ;
;    |Reg:reg_3|               ; 0 (0)               ; 8 (8)                     ; 0                 ; 0          ; 0    ; 0            ; |Proc|Reg:reg_3               ; Reg         ; work         ;
;    |Reg:reg_4|               ; 0 (0)               ; 8 (8)                     ; 0                 ; 0          ; 0    ; 0            ; |Proc|Reg:reg_4               ; Reg         ; work         ;
;    |Reg:reg_5|               ; 0 (0)               ; 8 (8)                     ; 0                 ; 0          ; 0    ; 0            ; |Proc|Reg:reg_5               ; Reg         ; work         ;
;    |Reg:reg_6|               ; 0 (0)               ; 8 (8)                     ; 0                 ; 0          ; 0    ; 0            ; |Proc|Reg:reg_6               ; Reg         ; work         ;
;    |Reg:reg_7|               ; 0 (0)               ; 8 (8)                     ; 0                 ; 0          ; 0    ; 0            ; |Proc|Reg:reg_7               ; Reg         ; work         ;
+------------------------------+---------------------+---------------------------+-------------------+------------+------+--------------+-------------------------------+-------------+--------------+
Note: For table entries with two numbers listed, the numbers in parentheses indicate the number of resources of the given type used by the specific entity alone. The numbers listed outside of parentheses indicate the total resources of the given type used by the specific entity and all of its sub-entities in the hierarchy.


Encoding Type:  One-Hot
+--------------------------------------------------------------------------------------------------+
; State Machine - |Proc|Tstep_Q                                                                    ;
+--------------+------------+------------+--------------+--------------+--------------+------------+
; Name         ; Tstep_Q.T3 ; Tstep_Q.T2 ; Tstep_Q.T1_3 ; Tstep_Q.T1_2 ; Tstep_Q.T1_1 ; Tstep_Q.T0 ;
+--------------+------------+------------+--------------+--------------+--------------+------------+
; Tstep_Q.T0   ; 0          ; 0          ; 0            ; 0            ; 0            ; 0          ;
; Tstep_Q.T1_1 ; 0          ; 0          ; 0            ; 0            ; 1            ; 1          ;
; Tstep_Q.T1_2 ; 0          ; 0          ; 0            ; 1            ; 0            ; 1          ;
; Tstep_Q.T1_3 ; 0          ; 0          ; 1            ; 0            ; 0            ; 1          ;
; Tstep_Q.T2   ; 0          ; 1          ; 0            ; 0            ; 0            ; 1          ;
; Tstep_Q.T3   ; 1          ; 0          ; 0            ; 0            ; 0            ; 1          ;
+--------------+------------+------------+--------------+--------------+--------------+------------+


+----------------------------------------------------------------------------------------------------+
; User-Specified and Inferred Latches                                                                ;
+-----------------------------------------------------+---------------------+------------------------+
; Latch Name                                          ; Latch Enable Signal ; Free of Timing Hazards ;
+-----------------------------------------------------+---------------------+------------------------+
; Done$latch                                          ; Done                ; yes                    ;
; ctrlMux[0]                                          ; Tstep_Q.T0          ; yes                    ;
; ctrlMux[1]                                          ; Tstep_Q.T0          ; yes                    ;
; ctrlMux[3]                                          ; Tstep_Q.T0          ; yes                    ;
; ctrlMux[2]                                          ; Tstep_Q.T0          ; yes                    ;
; enableR[0]                                          ; enableR[1]          ; yes                    ;
; enableR[1]                                          ; enableR[1]          ; yes                    ;
; enableR[2]                                          ; enableR[1]          ; yes                    ;
; enableR[3]                                          ; enableR[1]          ; yes                    ;
; enableR[4]                                          ; enableR[1]          ; yes                    ;
; enableR[5]                                          ; enableR[1]          ; yes                    ;
; enableR[6]                                          ; enableR[1]          ; yes                    ;
; enableR[7]                                          ; enableR[1]          ; yes                    ;
; opcodeALU[2]                                        ; opcodeALU[2]        ; yes                    ;
; opcodeALU[1]                                        ; opcodeALU[2]        ; yes                    ;
; enableG                                             ; GND                 ; yes                    ;
; Decoder3x8:addressRX|Out[0]                         ; enableDec           ; yes                    ;
; Decoder3x8:addressRX|Out[1]                         ; enableDec           ; yes                    ;
; Decoder3x8:addressRX|Out[2]                         ; enableDec           ; yes                    ;
; Decoder3x8:addressRX|Out[3]                         ; enableDec           ; yes                    ;
; Decoder3x8:addressRX|Out[4]                         ; enableDec           ; yes                    ;
; Decoder3x8:addressRX|Out[5]                         ; enableDec           ; yes                    ;
; Decoder3x8:addressRX|Out[6]                         ; enableDec           ; yes                    ;
; Decoder3x8:addressRX|Out[7]                         ; enableDec           ; yes                    ;
; opcodeALU[0]                                        ; opcodeALU[2]        ; yes                    ;
; enableDec                                           ; GND                 ; yes                    ;
; enableA                                             ; GND                 ; yes                    ;
; Number of user-specified and inferred latches = 27  ;                     ;                        ;
+-----------------------------------------------------+---------------------+------------------------+
Note: All latches listed above may not be present at the end of synthesis due to various synthesis optimizations.


+------------------------------------------------------------+
; Registers Removed During Synthesis                         ;
+---------------------------------------+--------------------+
; Register name                         ; Reason for Removal ;
+---------------------------------------+--------------------+
; Tstep_Q~4                             ; Lost fanout        ;
; Tstep_Q~5                             ; Lost fanout        ;
; Tstep_Q~6                             ; Lost fanout        ;
; Total Number of Removed Registers = 3 ;                    ;
+---------------------------------------+--------------------+


+------------------------------------------------------+
; General Register Statistics                          ;
+----------------------------------------------+-------+
; Statistic                                    ; Value ;
+----------------------------------------------+-------+
; Total registers                              ; 97    ;
; Number of registers using Synchronous Clear  ; 0     ;
; Number of registers using Synchronous Load   ; 9     ;
; Number of registers using Asynchronous Clear ; 6     ;
; Number of registers using Asynchronous Load  ; 0     ;
; Number of registers using Clock Enable       ; 82    ;
; Number of registers using Preset             ; 0     ;
+----------------------------------------------+-------+


+--------------------------------------------------------------------------------------------------------------------------------------------------+
; Multiplexer Restructuring Statistics (Restructuring Performed)                                                                                   ;
+--------------------+-----------+---------------+----------------------+------------------------+------------+------------------------------------+
; Multiplexer Inputs ; Bus Width ; Baseline Area ; Area if Restructured ; Saving if Restructured ; Registered ; Example Multiplexer Output         ;
+--------------------+-----------+---------------+----------------------+------------------------+------------+------------------------------------+
; 3:1                ; 2 bits    ; 4 LEs         ; 4 LEs                ; 0 LEs                  ; No         ; |Proc|Selector3                    ;
; 16:1               ; 8 bits    ; 80 LEs        ; 64 LEs               ; 16 LEs                 ; No         ; |Proc|Multiplexer:multiplexer|Mux8 ;
+--------------------+-----------+---------------+----------------------+------------------------+------------+------------------------------------+


+----------------------------------------------------------------------+
; Parameter Settings for User Entity Instance: Top-level Entity: |Proc ;
+----------------+-------+---------------------------------------------+
; Parameter Name ; Value ; Type                                        ;
+----------------+-------+---------------------------------------------+
; T0             ; 000   ; Unsigned Binary                             ;
; T1_1           ; 001   ; Unsigned Binary                             ;
; T1_2           ; 010   ; Unsigned Binary                             ;
; T1_3           ; 011   ; Unsigned Binary                             ;
; T2             ; 100   ; Unsigned Binary                             ;
; T3             ; 101   ; Unsigned Binary                             ;
; MV             ; 000   ; Unsigned Binary                             ;
; MVI            ; 001   ; Unsigned Binary                             ;
; ADD            ; 010   ; Unsigned Binary                             ;
; SUB            ; 011   ; Unsigned Binary                             ;
; DINMuxOut      ; 1000  ; Unsigned Binary                             ;
; GMuxOut        ; 1001  ; Unsigned Binary                             ;
; DefaultMux     ; 1111  ; Unsigned Binary                             ;
+----------------+-------+---------------------------------------------+
Note: In order to hide this table in the UI and the text report file, please set the "Show Parameter Settings in Synthesis Report" option in "Analysis and Synthesis Settings -> More Settings" to "Off".


+----------------------------------------------------------------------------------------------------------------------------------------------------------------------+
; Port Connectivity Checks: "Multiplexer:multiplexer"                                                                                                                  ;
+------+-------+----------+--------------------------------------------------------------------------------------------------------------------------------------------+
; Port ; Type  ; Severity ; Details                                                                                                                                    ;
+------+-------+----------+--------------------------------------------------------------------------------------------------------------------------------------------+
; R0   ; Input ; Warning  ; Input port expression (8 bits) is smaller than the input port (9 bits) it drives.  Extra input bit(s) "R0[8..8]" will be connected to GND. ;
; R1   ; Input ; Warning  ; Input port expression (8 bits) is smaller than the input port (9 bits) it drives.  Extra input bit(s) "R1[8..8]" will be connected to GND. ;
; R2   ; Input ; Warning  ; Input port expression (8 bits) is smaller than the input port (9 bits) it drives.  Extra input bit(s) "R2[8..8]" will be connected to GND. ;
; R3   ; Input ; Warning  ; Input port expression (8 bits) is smaller than the input port (9 bits) it drives.  Extra input bit(s) "R3[8..8]" will be connected to GND. ;
; R4   ; Input ; Warning  ; Input port expression (8 bits) is smaller than the input port (9 bits) it drives.  Extra input bit(s) "R4[8..8]" will be connected to GND. ;
; R5   ; Input ; Warning  ; Input port expression (8 bits) is smaller than the input port (9 bits) it drives.  Extra input bit(s) "R5[8..8]" will be connected to GND. ;
; R6   ; Input ; Warning  ; Input port expression (8 bits) is smaller than the input port (9 bits) it drives.  Extra input bit(s) "R6[8..8]" will be connected to GND. ;
; R7   ; Input ; Warning  ; Input port expression (8 bits) is smaller than the input port (9 bits) it drives.  Extra input bit(s) "R7[8..8]" will be connected to GND. ;
+------+-------+----------+--------------------------------------------------------------------------------------------------------------------------------------------+


+---------------------------------------------------------------------------------------------------------------------------------------------------+
; Port Connectivity Checks: "Reg:reg_7"                                                                                                             ;
+------+--------+----------+------------------------------------------------------------------------------------------------------------------------+
; Port ; Type   ; Severity ; Details                                                                                                                ;
+------+--------+----------+------------------------------------------------------------------------------------------------------------------------+
; Out  ; Output ; Warning  ; Output or bidir port (9 bits) is wider than the port expression (8 bits) it drives; bit(s) "Out[8..8]" have no fanouts ;
+------+--------+----------+------------------------------------------------------------------------------------------------------------------------+


+---------------------------------------------------------------------------------------------------------------------------------------------------+
; Port Connectivity Checks: "Reg:reg_6"                                                                                                             ;
+------+--------+----------+------------------------------------------------------------------------------------------------------------------------+
; Port ; Type   ; Severity ; Details                                                                                                                ;
+------+--------+----------+------------------------------------------------------------------------------------------------------------------------+
; Out  ; Output ; Warning  ; Output or bidir port (9 bits) is wider than the port expression (8 bits) it drives; bit(s) "Out[8..8]" have no fanouts ;
+------+--------+----------+------------------------------------------------------------------------------------------------------------------------+


+---------------------------------------------------------------------------------------------------------------------------------------------------+
; Port Connectivity Checks: "Reg:reg_5"                                                                                                             ;
+------+--------+----------+------------------------------------------------------------------------------------------------------------------------+
; Port ; Type   ; Severity ; Details                                                                                                                ;
+------+--------+----------+------------------------------------------------------------------------------------------------------------------------+
; Out  ; Output ; Warning  ; Output or bidir port (9 bits) is wider than the port expression (8 bits) it drives; bit(s) "Out[8..8]" have no fanouts ;
+------+--------+----------+------------------------------------------------------------------------------------------------------------------------+


+---------------------------------------------------------------------------------------------------------------------------------------------------+
; Port Connectivity Checks: "Reg:reg_4"                                                                                                             ;
+------+--------+----------+------------------------------------------------------------------------------------------------------------------------+
; Port ; Type   ; Severity ; Details                                                                                                                ;
+------+--------+----------+------------------------------------------------------------------------------------------------------------------------+
; Out  ; Output ; Warning  ; Output or bidir port (9 bits) is wider than the port expression (8 bits) it drives; bit(s) "Out[8..8]" have no fanouts ;
+------+--------+----------+------------------------------------------------------------------------------------------------------------------------+


+---------------------------------------------------------------------------------------------------------------------------------------------------+
; Port Connectivity Checks: "Reg:reg_3"                                                                                                             ;
+------+--------+----------+------------------------------------------------------------------------------------------------------------------------+
; Port ; Type   ; Severity ; Details                                                                                                                ;
+------+--------+----------+------------------------------------------------------------------------------------------------------------------------+
; Out  ; Output ; Warning  ; Output or bidir port (9 bits) is wider than the port expression (8 bits) it drives; bit(s) "Out[8..8]" have no fanouts ;
+------+--------+----------+------------------------------------------------------------------------------------------------------------------------+


+---------------------------------------------------------------------------------------------------------------------------------------------------+
; Port Connectivity Checks: "Reg:reg_2"                                                                                                             ;
+------+--------+----------+------------------------------------------------------------------------------------------------------------------------+
; Port ; Type   ; Severity ; Details                                                                                                                ;
+------+--------+----------+------------------------------------------------------------------------------------------------------------------------+
; Out  ; Output ; Warning  ; Output or bidir port (9 bits) is wider than the port expression (8 bits) it drives; bit(s) "Out[8..8]" have no fanouts ;
+------+--------+----------+------------------------------------------------------------------------------------------------------------------------+


+---------------------------------------------------------------------------------------------------------------------------------------------------+
; Port Connectivity Checks: "Reg:reg_1"                                                                                                             ;
+------+--------+----------+------------------------------------------------------------------------------------------------------------------------+
; Port ; Type   ; Severity ; Details                                                                                                                ;
+------+--------+----------+------------------------------------------------------------------------------------------------------------------------+
; Out  ; Output ; Warning  ; Output or bidir port (9 bits) is wider than the port expression (8 bits) it drives; bit(s) "Out[8..8]" have no fanouts ;
+------+--------+----------+------------------------------------------------------------------------------------------------------------------------+


+---------------------------------------------------------------------------------------------------------------------------------------------------+
; Port Connectivity Checks: "Reg:reg_0"                                                                                                             ;
+------+--------+----------+------------------------------------------------------------------------------------------------------------------------+
; Port ; Type   ; Severity ; Details                                                                                                                ;
+------+--------+----------+------------------------------------------------------------------------------------------------------------------------+
; Out  ; Output ; Warning  ; Output or bidir port (9 bits) is wider than the port expression (8 bits) it drives; bit(s) "Out[8..8]" have no fanouts ;
+------+--------+----------+------------------------------------------------------------------------------------------------------------------------+


+----------------------------------------+
; Port Connectivity Checks: "Reg:IR"     ;
+------+-------+----------+--------------+
; Port ; Type  ; Severity ; Details      ;
+------+-------+----------+--------------+
; En   ; Input ; Info     ; Stuck at VCC ;
+------+-------+----------+--------------+


+-----------------------------------------------------+
; Post-Synthesis Netlist Statistics for Top Partition ;
+-----------------------+-----------------------------+
; Type                  ; Count                       ;
+-----------------------+-----------------------------+
; arriav_ff             ; 97                          ;
;     CLR               ; 6                           ;
;     ENA               ; 73                          ;
;     ENA SLD           ; 9                           ;
;     plain             ; 9                           ;
; arriav_lcell_comb     ; 104                         ;
;     arith             ; 10                          ;
;         1 data inputs ; 1                           ;
;         4 data inputs ; 1                           ;
;         5 data inputs ; 8                           ;
;     normal            ; 94                          ;
;         2 data inputs ; 5                           ;
;         3 data inputs ; 31                          ;
;         4 data inputs ; 10                          ;
;         5 data inputs ; 13                          ;
;         6 data inputs ; 35                          ;
; boundary_port         ; 22                          ;
;                       ;                             ;
; Max LUT depth         ; 3.80                        ;
; Average LUT depth     ; 2.40                        ;
+-----------------------+-----------------------------+


+-------------------------------+
; Elapsed Time Per Partition    ;
+----------------+--------------+
; Partition Name ; Elapsed Time ;
+----------------+--------------+
; Top            ; 00:00:00     ;
+----------------+--------------+


+-------------------------------+
; Analysis & Synthesis Messages ;
+-------------------------------+
Info: *******************************************************************
Info: Running Quartus Prime Analysis & Synthesis
    Info: Version 17.1.0 Build 590 10/25/2017 SJ Lite Edition
    Info: Processing started: Tue Jul 31 11:41:23 2018
Info: Command: quartus_map --read_settings_files=on --write_settings_files=off Processador -c Processador
Warning (18236): Number of processors has not been specified which may cause overloading on shared machines.  Set the global assignment NUM_PARALLEL_PROCESSORS in your QSF to an appropriate value for best performance.
Info (20030): Parallel compilation is enabled and will use 2 of the 2 processors detected
Info (12021): Found 5 design units, including 5 entities, in source file Proc.v
    Info (12023): Found entity 1: Proc File: /home/alfredo/Desktop/PSD-Processador/Proc.v Line: 1
    Info (12023): Found entity 2: Reg File: /home/alfredo/Desktop/PSD-Processador/Proc.v Line: 220
    Info (12023): Found entity 3: Multiplexer File: /home/alfredo/Desktop/PSD-Processador/Proc.v Line: 238
    Info (12023): Found entity 4: ALU File: /home/alfredo/Desktop/PSD-Processador/Proc.v Line: 265
    Info (12023): Found entity 5: Decoder3x8 File: /home/alfredo/Desktop/PSD-Processador/Proc.v Line: 285
Info (12127): Elaborating entity "Proc" for the top level hierarchy
Warning (10235): Verilog HDL Always Construct warning at Proc.v(123): variable "Resetn" is read inside the Always Construct but isn't in the Always Construct's Event Control File: /home/alfredo/Desktop/PSD-Processador/Proc.v Line: 123
Warning (10235): Verilog HDL Always Construct warning at Proc.v(148): variable "Run" is read inside the Always Construct but isn't in the Always Construct's Event Control File: /home/alfredo/Desktop/PSD-Processador/Proc.v Line: 148
Warning (10235): Verilog HDL Always Construct warning at Proc.v(165): variable "outputIR" is read inside the Always Construct but isn't in the Always Construct's Event Control File: /home/alfredo/Desktop/PSD-Processador/Proc.v Line: 165
Warning (10235): Verilog HDL Always Construct warning at Proc.v(166): variable "enableRegX" is read inside the Always Construct but isn't in the Always Construct's Event Control File: /home/alfredo/Desktop/PSD-Processador/Proc.v Line: 166
Warning (10235): Verilog HDL Always Construct warning at Proc.v(173): variable "enableRegX" is read inside the Always Construct but isn't in the Always Construct's Event Control File: /home/alfredo/Desktop/PSD-Processador/Proc.v Line: 173
Warning (10235): Verilog HDL Always Construct warning at Proc.v(185): variable "outputIR" is read inside the Always Construct but isn't in the Always Construct's Event Control File: /home/alfredo/Desktop/PSD-Processador/Proc.v Line: 185
Warning (10235): Verilog HDL Always Construct warning at Proc.v(196): variable "outputIR" is read inside the Always Construct but isn't in the Always Construct's Event Control File: /home/alfredo/Desktop/PSD-Processador/Proc.v Line: 196
Warning (10235): Verilog HDL Always Construct warning at Proc.v(198): variable "outputIR" is read inside the Always Construct but isn't in the Always Construct's Event Control File: /home/alfredo/Desktop/PSD-Processador/Proc.v Line: 198
Warning (10235): Verilog HDL Always Construct warning at Proc.v(210): variable "enableRegX" is read inside the Always Construct but isn't in the Always Construct's Event Control File: /home/alfredo/Desktop/PSD-Processador/Proc.v Line: 210
Warning (10240): Verilog HDL Always Construct warning at Proc.v(121): inferring latch(es) for variable "enableIR", which holds its previous value in one or more paths through the always construct File: /home/alfredo/Desktop/PSD-Processador/Proc.v Line: 121
Warning (10240): Verilog HDL Always Construct warning at Proc.v(121): inferring latch(es) for variable "enableA", which holds its previous value in one or more paths through the always construct File: /home/alfredo/Desktop/PSD-Processador/Proc.v Line: 121
Warning (10240): Verilog HDL Always Construct warning at Proc.v(121): inferring latch(es) for variable "enableG", which holds its previous value in one or more paths through the always construct File: /home/alfredo/Desktop/PSD-Processador/Proc.v Line: 121
Warning (10240): Verilog HDL Always Construct warning at Proc.v(121): inferring latch(es) for variable "ctrlMux", which holds its previous value in one or more paths through the always construct File: /home/alfredo/Desktop/PSD-Processador/Proc.v Line: 121
Warning (10240): Verilog HDL Always Construct warning at Proc.v(121): inferring latch(es) for variable "enableDec", which holds its previous value in one or more paths through the always construct File: /home/alfredo/Desktop/PSD-Processador/Proc.v Line: 121
Warning (10240): Verilog HDL Always Construct warning at Proc.v(121): inferring latch(es) for variable "Done", which holds its previous value in one or more paths through the always construct File: /home/alfredo/Desktop/PSD-Processador/Proc.v Line: 121
Warning (10240): Verilog HDL Always Construct warning at Proc.v(121): inferring latch(es) for variable "enableR", which holds its previous value in one or more paths through the always construct File: /home/alfredo/Desktop/PSD-Processador/Proc.v Line: 121
Warning (10240): Verilog HDL Always Construct warning at Proc.v(121): inferring latch(es) for variable "opcodeALU", which holds its previous value in one or more paths through the always construct File: /home/alfredo/Desktop/PSD-Processador/Proc.v Line: 121
Info (10041): Inferred latch for "opcodeALU[0]" at Proc.v(141) File: /home/alfredo/Desktop/PSD-Processador/Proc.v Line: 141
Info (10041): Inferred latch for "opcodeALU[1]" at Proc.v(141) File: /home/alfredo/Desktop/PSD-Processador/Proc.v Line: 141
Info (10041): Inferred latch for "opcodeALU[2]" at Proc.v(141) File: /home/alfredo/Desktop/PSD-Processador/Proc.v Line: 141
Info (10041): Inferred latch for "enableR[0]" at Proc.v(141) File: /home/alfredo/Desktop/PSD-Processador/Proc.v Line: 141
Info (10041): Inferred latch for "enableR[1]" at Proc.v(141) File: /home/alfredo/Desktop/PSD-Processador/Proc.v Line: 141
Info (10041): Inferred latch for "enableR[2]" at Proc.v(141) File: /home/alfredo/Desktop/PSD-Processador/Proc.v Line: 141
Info (10041): Inferred latch for "enableR[3]" at Proc.v(141) File: /home/alfredo/Desktop/PSD-Processador/Proc.v Line: 141
Info (10041): Inferred latch for "enableR[4]" at Proc.v(141) File: /home/alfredo/Desktop/PSD-Processador/Proc.v Line: 141
Info (10041): Inferred latch for "enableR[5]" at Proc.v(141) File: /home/alfredo/Desktop/PSD-Processador/Proc.v Line: 141
Info (10041): Inferred latch for "enableR[6]" at Proc.v(141) File: /home/alfredo/Desktop/PSD-Processador/Proc.v Line: 141
Info (10041): Inferred latch for "enableR[7]" at Proc.v(141) File: /home/alfredo/Desktop/PSD-Processador/Proc.v Line: 141
Info (10041): Inferred latch for "Done" at Proc.v(141) File: /home/alfredo/Desktop/PSD-Processador/Proc.v Line: 141
Info (10041): Inferred latch for "enableDec" at Proc.v(141) File: /home/alfredo/Desktop/PSD-Processador/Proc.v Line: 141
Info (10041): Inferred latch for "ctrlMux[0]" at Proc.v(141) File: /home/alfredo/Desktop/PSD-Processador/Proc.v Line: 141
Info (10041): Inferred latch for "ctrlMux[1]" at Proc.v(141) File: /home/alfredo/Desktop/PSD-Processador/Proc.v Line: 141
Info (10041): Inferred latch for "ctrlMux[2]" at Proc.v(141) File: /home/alfredo/Desktop/PSD-Processador/Proc.v Line: 141
Info (10041): Inferred latch for "ctrlMux[3]" at Proc.v(141) File: /home/alfredo/Desktop/PSD-Processador/Proc.v Line: 141
Info (10041): Inferred latch for "enableG" at Proc.v(141) File: /home/alfredo/Desktop/PSD-Processador/Proc.v Line: 141
Info (10041): Inferred latch for "enableA" at Proc.v(141) File: /home/alfredo/Desktop/PSD-Processador/Proc.v Line: 141
Info (10041): Inferred latch for "enableIR" at Proc.v(141) File: /home/alfredo/Desktop/PSD-Processador/Proc.v Line: 141
Info (12128): Elaborating entity "Reg" for hierarchy "Reg:IR" File: /home/alfredo/Desktop/PSD-Processador/Proc.v Line: 51
Info (12128): Elaborating entity "Multiplexer" for hierarchy "Multiplexer:multiplexer" File: /home/alfredo/Desktop/PSD-Processador/Proc.v Line: 68
Info (12128): Elaborating entity "ALU" for hierarchy "ALU:alu" File: /home/alfredo/Desktop/PSD-Processador/Proc.v Line: 71
Info (12128): Elaborating entity "Decoder3x8" for hierarchy "Decoder3x8:addressRX" File: /home/alfredo/Desktop/PSD-Processador/Proc.v Line: 74
Warning (10240): Verilog HDL Always Construct warning at Proc.v(297): inferring latch(es) for variable "Out", which holds its previous value in one or more paths through the always construct File: /home/alfredo/Desktop/PSD-Processador/Proc.v Line: 297
Info (10041): Inferred latch for "Out[0]" at Proc.v(297) File: /home/alfredo/Desktop/PSD-Processador/Proc.v Line: 297
Info (10041): Inferred latch for "Out[1]" at Proc.v(297) File: /home/alfredo/Desktop/PSD-Processador/Proc.v Line: 297
Info (10041): Inferred latch for "Out[2]" at Proc.v(297) File: /home/alfredo/Desktop/PSD-Processador/Proc.v Line: 297
Info (10041): Inferred latch for "Out[3]" at Proc.v(297) File: /home/alfredo/Desktop/PSD-Processador/Proc.v Line: 297
Info (10041): Inferred latch for "Out[4]" at Proc.v(297) File: /home/alfredo/Desktop/PSD-Processador/Proc.v Line: 297
Info (10041): Inferred latch for "Out[5]" at Proc.v(297) File: /home/alfredo/Desktop/PSD-Processador/Proc.v Line: 297
Info (10041): Inferred latch for "Out[6]" at Proc.v(297) File: /home/alfredo/Desktop/PSD-Processador/Proc.v Line: 297
Info (10041): Inferred latch for "Out[7]" at Proc.v(297) File: /home/alfredo/Desktop/PSD-Processador/Proc.v Line: 297
Warning (12241): 9 hierarchies have connectivity warnings - see the Connectivity Checks report folder
Info (286030): Timing-Driven Synthesis is running
Info (17049): 3 registers lost all their fanouts during netlist optimizations.
Info (16010): Generating hard_block partition "hard_block:auto_generated_inst"
    Info (16011): Adding 0 node(s), including 0 DDIO, 0 PLL, 0 transceiver and 0 LCELL
Info (21057): Implemented 210 device resources after synthesis - the final resource count might be different
    Info (21058): Implemented 12 input pins
    Info (21059): Implemented 10 output pins
    Info (21061): Implemented 188 logic cells
Info: Quartus Prime Analysis & Synthesis was successful. 0 errors, 20 warnings
    Info: Peak virtual memory: 1014 megabytes
    Info: Processing ended: Tue Jul 31 11:41:44 2018
    Info: Elapsed time: 00:00:21
    Info: Total CPU time (on all processors): 00:00:50


